


BusyBox v1.28.3 () built-in shell (ash)

  _______                     ________        __
 |       |.-----.-----.-----.|  |  |  |.----.|  |_
 |   -   ||  _  |  -__|     ||  |  |  ||   _||   _|
 |_______||   __|_____|__|__||________||__|  |____|
          |__| W I R E L E S S   F R E E D O M
 -----------------------------------------------------
 OpenWrt SNAPSHOT, r39563-fe8491c78c
 -----------------------------------------------------
root@OpenWrt:/# [  127.061818] random: crng init done
Watchdog handover: fd=3
- watchdog -
killall: telnetd: no process killed
killall: dropbear: no process killed
Sending TERM to remaining processes ... ntpd dnsmasq sh ubus ubusd logd rpcd netifd odhcpd 
Sending KILL to remaining processes ... 
Switching to ramdisk...
Performing system upgrade...
Unlocking firmware ...

Writing from <stdin> to firmware ...  [ ][e][w][e][w][e][w][e][w][e][w][e][w][e][w][e][w][e][w][e][w][e][w][e][w][e][w][e][w][e][w][e][w][e][w][e][w][e][w][e][w][e][w][e][w][e][w][e][w][e][w][e][w][e][w][e][w][e][w][e][w][e][w][e][w][e][w][e][w][e][w][e][w][e][w][e][w][e][w][e][w][e][w][e][w][e][w][e][w][e][w][e][w][e][w][e][w][e][w][e][w][e][w][e][w][e][w][e][w][e][w][e][w][e][w][e][w][e][w][e][w][e][w][e][w][e][w][e][w][e][w][e][w][e][w][e][w][e][w][e][w][e][w][e][w][e][w][e][w][e][w][e][w][e][w][e][w][e][w][e][w][e][w][e][w][e][w][e][w][e][w][e][w][e][w][e][w][e][w][e][w][e][w][e][w][e][w][e][w][e][w][e][w][e][w][e][w][e][w][e][w][e][w][e][w][e][w][e][w][e][w][e][w][e][w][e][w][e][w][e][w][e][w][e][w][e][w][e][w][e][w][e][w][e][w][e][w][e][w][e][w][e][w][e][w][e][w][e][w][e][w][e][w][e][w][e][w][e][w][e][w][e][w][e][w][e][w][e][w][e][w][e][w][e][w][e][w][e][w][e][w][e][w][e][w][e][w][e][w][e][w][e][w][e][w][e][w][e][w][e][w][e][w][e][w][e][w][e][w][e][w][e][w]   
Appending jffs2 data from /tmp/sysupgrade.tgz to firmware..
.    
Upgrade completed
Rebooting system...
umount: can't unmount /dev: Resource busy
umoun[ 1392.000277] reboot: Restarting system
t: can't unmount /tmp: Resource busy
[04010D08][04010C0E]
DDR Calibration DQS reg = 00008788


U-Boot 1.1.3 (Dec  6 2016 - 11:20:23)

Board: Ralink APSoC
DRAM:  128 MB
relocate_code Pointer at: 87f68000
******************************
Software System Reset Occurred
******************************
flash manufacture id: c2, device id 20 19
find flash: MX25L25635E
============================================ 
Ralink UBoot Version: 4.3.0.0
-------------------------------------------- 
ASIC 7628_MP (Port5<->None)
DRAM component: 1024 Mbits DDR, width 16
DRAM bus: 16 bit
Total memory: 128 MBytes
Flash component: SPI Flash
Date:Dec  6 2016  Time:11:20:23
============================================ 
icache: sets:512, ways:4, linesz:32 ,total:65536
dcache: sets:256, ways:4, linesz:32 ,total:32768 

 ##### The CPU freq = 580 MHZ #### 
 estimate memory size =128 Mbytes
RESET MT7628 PHY!!!!!!

GPIOMODE --> 50054404

GPIOMODE2 --> 5540551

Please choose the operation: 
   1: Load system code to SDRAM via TFTP. 
   2: Load system code then write to Flash via TFTP. 
   3: Boot system code via Flash (default).
   4: Entr boot command line interface.
   7: Load Boot Loader code then write to Flash via Serial. 
   9: Load Boot Loader code then write to Flash via TFTP. 
 2  1  0 
   
3: System Boot system code via Flash.
## Booting image at bc050000 ...
   Image Name:   MIPS OpenWrt Linux-4.14.37
   Image Type:   MIPS Linux Kernel Image (lzma compressed)
   Data Size:    1454067 Bytes =  1.4 MB
   Load Address: 80000000
   Entry Point:  80000000
   Verifying Checksum ... OK
   Uncompressing Kernel Image ... OK
No initrd
## Transferring control to Linux (at address 80000000) ...
## Giving linux memsize in MB, 128

Starting kernel ...

[    0.000000] Linux version 4.14.37 (alu@alupc) (gcc version 7.3.0 (OpenWrt GCC 7.3.0 r39563-fe8491c78c)) #0 Sun Jul 8 15:59:57 2018
[    0.000000] Board has DDR2
[    0.000000] Analog PMU set to hw control
[    0.000000] Digital PMU set to hw control
[    0.000000] SoC Type: MediaTek MT7688 ver:1 eco:2
[    0.000000] bootconsole [early0] enabled
[    0.000000] CPU0 revision is: 00019655 (MIPS 24KEc)
[    0.000000] MIPS: machine is MediaTek LinkIt Smart 7688
[    0.000000] Determined physical RAM map:
[    0.000000]  memory: 08000000 @ 00000000 (usable)
[    0.000000] Initrd not found or empty - disabling initrd
[    0.000000] Primary instruction cache 64kB, VIPT, 4-way, linesize 32 bytes.
[    0.000000] Primary data cache 32kB, 4-way, PIPT, no aliases, linesize 32 bytes
[    0.000000] Zone ranges:
[    0.000000]   Normal   [mem 0x0000000000000000-0x0000000007ffffff]
[    0.000000] Movable zone start for each node
[    0.000000] Early memory node ranges
[    0.000000]   node   0: [mem 0x0000000000000000-0x0000000007ffffff]
[    0.000000] Initmem setup node 0 [mem 0x0000000000000000-0x0000000007ffffff]
[    0.000000] random: get_random_bytes called from start_kernel+0x8c/0x474 with crng_init=0
[    0.000000] Built 1 zonelists, mobility grouping on.  Total pages: 32512
[    0.000000] Kernel command line: console=ttyS2,57600 rootfstype=squashfs,jffs2
[    0.000000] PID hash table entries: 512 (order: -1, 2048 bytes)
[    0.000000] Dentry cache hash table entries: 16384 (order: 4, 65536 bytes)
[    0.000000] Inode-cache hash table entries: 8192 (order: 3, 32768 bytes)
[    0.000000] Writing ErrCtl register=000677a0
[    0.000000] Readback ErrCtl register=000677a0
[    0.000000] Memory: 125092K/131072K available (3352K kernel code, 168K rwdata, 812K rodata, 204K init, 208K bss, 5980K reserved, 0K cma-reserved)
[    0.000000] SLUB: HWalign=32, Order=0-3, MinObjects=0, CPUs=1, Nodes=1
[    0.000000] NR_IRQS: 256
[    0.000000] intc: using register map from devicetree
[    0.000000] CPU Clock: 580MHz
[    0.000000] timer_probe: no matching timers found
[    0.000000] clocksource: MIPS: mask: 0xffffffff max_cycles: 0xffffffff, max_idle_ns: 6590553264 ns
[    0.000011] sched_clock: 32 bits at 290MHz, resolution 3ns, wraps every 7405115902ns
[    0.015373] Calibrating delay loop... 385.84 BogoMIPS (lpj=1929216)
[    0.087586] pid_max: default: 32768 minimum: 301
[    0.096938] Mount-cache hash table entries: 1024 (order: 0, 4096 bytes)
[    0.109893] Mountpoint-cache hash table entries: 1024 (order: 0, 4096 bytes)
[    0.129438] clocksource: jiffies: mask: 0xffffffff max_cycles: 0xffffffff, max_idle_ns: 19112604462750000 ns
[    0.148816] futex hash table entries: 256 (order: -1, 3072 bytes)
[    0.160910] pinctrl core: initialized pinctrl subsystem
[    0.171693] NET: Registered protocol family 16
[    0.204414] mt7621_gpio 10000600.gpio: registering 32 gpios
[    0.215628] mt7621_gpio 10000600.gpio: registering 32 gpios
[    0.226760] mt7621_gpio 10000600.gpio: registering 32 gpios
[    0.241604] clocksource: Switched to clocksource MIPS
[    0.252689] NET: Registered protocol family 2
[    0.262114] TCP established hash table entries: 1024 (order: 0, 4096 bytes)
[    0.275806] TCP bind hash table entries: 1024 (order: 0, 4096 bytes)
[    0.288327] TCP: Hash tables configured (established 1024 bind 1024)
[    0.301032] UDP hash table entries: 256 (order: 0, 4096 bytes)
[    0.312490] UDP-Lite hash table entries: 256 (order: 0, 4096 bytes)
[    0.325109] NET: Registered protocol family 1
[    0.336655] Crashlog allocated RAM at address 0x3f00000
[    0.348199] workingset: timestamp_bits=30 max_order=15 bucket_order=0
[    0.366544] squashfs: version 4.0 (2009/01/31) Phillip Lougher
[    0.377980] jffs2: version 2.2 (NAND) (SUMMARY) (LZMA) (RTIME) (CMODE_PRIORITY) (c) 2001-2006 Red Hat, Inc.
[    0.405692] io scheduler noop registered
[    0.413363] io scheduler deadline registered (default)
[    0.424367] Serial: 8250/16550 driver, 3 ports, IRQ sharing disabled
[    0.438096] 10000c00.uartlite: ttyS0 at MMIO 0x10000c00 (irq = 28, base_baud = 2500000) is a 16550A
[    0.456542] 10000d00.uart1: ttyS1 at MMIO 0x10000d00 (irq = 29, base_baud = 2500000) is a 16550A
[    0.474480] 10000e00.uart2: ttyS2 at MMIO 0x10000e00 (irq = 30, base_baud = 2500000) is a 16550A
[    0.491823] console [ttyS2] enabled
[    0.491823] console [ttyS2] enabled
[    0.505492] bootconsole [early0] disabled
[    0.505492] bootconsole [early0] disabled
[    0.521894] cacheinfo: Failed to find cpu0 device node
[    0.532081] cacheinfo: Unable to detect cache hierarchy for CPU 0
[    0.544926] spi-mt7621 10000b00.spi: sys_freq: 193333333
[    0.560458] m25p80 spi0.0: mx25l25635e (32768 Kbytes)
[    0.570568] 4 fixed-partitions partitions found on MTD device spi0.0
[    0.583151] Creating 4 MTD partitions on "spi0.0":
[    0.592652] 0x000000000000-0x000000030000 : "u-boot"
[    0.603388] 0x000000030000-0x000000040000 : "u-boot-env"
[    0.614793] 0x000000040000-0x000000050000 : "factory"
[    0.625689] 0x000000050000-0x000002000000 : "firmware"
[    0.704951] 2 uimage-fw partitions found on MTD device firmware
[    0.716709] 0x000000050000-0x0000001b3033 : "kernel"
[    0.727436] 0x0000001b3033-0x000002000000 : "rootfs"
[    0.738135] mtd: device 5 (rootfs) set to be root filesystem
[    0.750658] 1 squashfs-split partitions found on MTD device rootfs
[    0.762969] 0x000000a10000-0x000002000000 : "rootfs_data"
[    0.775533] libphy: Fixed MDIO Bus: probed
[    0.794490] rt3050-esw 10110000.esw: link changed 0x00
[    0.806262] mtk_soc_eth 10100000.ethernet eth0: mediatek frame engine at 0xb0100000, irq 5
[    0.824485] NET: Registered protocol family 10
[    0.837021] Segment Routing with IPv6
[    0.844472] NET: Registered protocol family 17
[    0.853337] 8021q: 802.1Q VLAN Support v1.8
[    0.863446] mtk-linkit bootstrap: Version  : 
[    0.872141] mtk-linkit bootstrap: Revision : 
[    0.886136] VFS: Mounted root (squashfs filesystem) readonly on device 31:5.
[    0.901284] Freeing unused kernel memory: 204K
[    0.910104] This architecture does not have kernel memory protection.
[    1.729742] init: Console is alive
[    1.736796] init: - watchdog -
[    2.361613] random: fast init done
[    2.942602] kmodloader: loading kernel modules from /etc/modules-boot.d/*
[    3.104865] usbcore: registered new interface driver usbfs
[    3.115892] usbcore: registered new interface driver hub
[    3.126548] usbcore: registered new device driver usb
[    3.142513] ehci_hcd: USB 2.0 'Enhanced' Host Controller (EHCI) Driver
[    3.157248] ehci-platform: EHCI generic platform driver
[    3.177972] phy phy-10120000.usbphy.0: remote usb device wakeup disabled
[    3.191250] phy phy-10120000.usbphy.0: UTMI 16bit 30MHz
[    3.201612] ehci-platform 101c0000.ehci: EHCI Host Controller
[    3.213027] ehci-platform 101c0000.ehci: new USB bus registered, assigned bus number 1
[    3.228829] ehci-platform 101c0000.ehci: irq 26, io mem 0x101c0000
[    3.261643] ehci-platform 101c0000.ehci: USB 2.0 started, EHCI 1.00
[    3.275056] hub 1-0:1.0: USB hub found
[    3.282907] hub 1-0:1.0: 1 port detected
[    3.294013] ohci_hcd: USB 1.1 'Open' Host Controller (OHCI) Driver
[    3.307955] ohci-platform: OHCI generic platform driver
[    3.318666] ohci-platform 101c1000.ohci: Generic Platform OHCI controller
[    3.332198] ohci-platform 101c1000.ohci: new USB bus registered, assigned bus number 2
[    3.347988] ohci-platform 101c1000.ohci: irq 26, io mem 0x101c1000
[    3.426546] hub 2-0:1.0: USB hub found
[    3.434440] hub 2-0:1.0: 1 port detected
[    3.445982] kmodloader: done loading kernel modules from /etc/modules-boot.d/*
[    3.470851] init: - preinit -
[    4.629360] rt3050-esw 10110000.esw: link changed 0x00
Press the [f] key and hit [enter] to enter failsafe mode
Press the [1], [2], [3] or [4] key and hit [enter] to select the debug level
[    7.707634] rt3050-esw 10110000.esw: link changed 0x01
[    7.918666] jffs2_scan_eraseblock(): End of filesystem marker found at 0x10000
[    7.933098] jffs2_build_filesystem(): unlocking the mtd device... 
[    7.933104] done.

[    7.949138] jffs2_build_filesystem(): erasing all blocks after the end marker... 
[  116.874328] done.
[  116.893029] jffs2: notice: (354) jffs2_build_xattr_subsystem: complete building xattr subsystem, 0 of xdatum (0 unchecked, 0 orphan) and 0 of xref (0 dead, 0 orphan) found.
[  116.925167] mount_root: overlay filesystem has not been fully initialized yet
[  116.944959] mount_root: switching to jffs2 overlay
[  116.989620] overlayfs: upper fs does not support tmpfile.
- config restore -
[  117.340984] urandom-seed: Seed file not found (/etc/urandom.seed)
[  117.439930] procd: - early -
[  117.446576] procd: - watchdog -
[  118.094694] procd: - watchdog -
[  118.101206] procd: - ubus -
[  118.193205] random: ubusd: uninitialized urandom read (4 bytes read)
[  118.206999] random: ubusd: uninitialized urandom read (4 bytes read)
[  118.220196] random: ubusd: uninitialized urandom read (4 bytes read)
[  118.232953] random: ubusd: uninitialized urandom read (4 bytes read)
[  118.245827] random: ubusd: uninitialized urandom read (4 bytes read)
[  118.258480] random: ubusd: uninitialized urandom read (4 bytes read)
[  118.271297] random: ubusd: uninitialized urandom read (4 bytes read)
[  118.284099] random: ubusd: uninitialized urandom read (4 bytes read)
[  118.297173] procd: - init -
Please press Enter to activate this console.


BusyBox v1.28.3 () built-in shell (ash)

  _______                     ________        __
 |       |.-----.-----.-----.|  |  |  |.----.|  |_
 |   -   ||  _  |  -__|     ||  |  |  ||   _||   _|
 |_______||   __|_____|__|__||________||__|  |____|
          |__| W I R E L E S S   F R E E D O M
 -----------------------------------------------------
 OpenWrt SNAPSHOT, r39572-195a54fe91
 -----------------------------------------------------
root@(none):/# [  119.037479] kmodloader: loading kernel modules from /etc/modules.d/*
[  119.100551] ip6_tables: (C) 2000-2006 Netfilter Core Team
[  119.122254] i2c /dev entries driver
[  119.148339] Enable Ralink GDMA Controller Module 
[  119.157723] GDMA IP Version=3
[  119.171900] ******* mt76xx_pcm_init *******
[  119.189387] Loading modules backported from Linux version wt-2017-11-01-0-gfe248fc2c180
[  119.205317] Backport generated by backports.git v4.14-rc2-1-31-g86cf0e5d
[  119.222470] ip_tables: (C) 2000-2006 Netfilter Core Team
[  119.247597] nf_conntrack version 0.5.0 (2048 buckets, 8192 max)
[  119.339426] xt_time: kernel timezone is -0000
[  119.573938] mt76_wmac 10300000.wmac: ASIC revision: 76280001
[  119.589262] mt76_wmac 10300000.wmac: Firmware Version: _e2_mp
[  119.600734] mt76_wmac 10300000.wmac: Build Time: 20150211175503
[  119.631597] firmware init done
[  119.916645] PPP generic driver version 2.4.2
[  119.928166] NET: Registered protocol family 24
[  119.948431] kmodloader: 1 module could not be probed
[  119.958550] kmodloader: - snd-soc-mt76xx-machine - 0
[  120.737648] random: jshn: uninitialized urandom read (4 bytes read)
[  122.072685] random: jshn: uninitialized urandom read (4 bytes read)

root@OpenWrt:/# 
root@OpenWrt:/# 
root@OpenWrt:/# 
root@OpenWrt:/# 
root@OpenWrt:/# 
root@OpenWrt:/# cd[  130.111800] br-lan: port 1(eth0) entered blocking state
[  130.122177] br-lan: port 1(eth0) entered disabled state
[  130.132905] device eth0 entered promiscuous mode
[  130.261812] br-lan: port 1(eth0) entered blocking state
[  130.272191] br-lan: port 1(eth0) entered forwarding state
[  130.283119] IPv6: ADDRCONF(NETDEV_UP): br-lan: link is not ready
[  130.811731] random: crng init done
[  131.181735] IPv6: ADDRCONF(NETDEV_CHANGE): br-lan: link becomes ready

root@OpenWrt:~# 
root@OpenWrt:~# 
root@OpenWrt:~# cd root
/bin/ash: cd: can't cd to root: No such file or directory
root@OpenWrt:~# ls -l
-rwxr-xr-x    1 root     root          1182 Jul  8 15:59 [1;32maccounts[m
-rwxr-xr-x    1 root     root          4197 Jul  8 15:59 [1;32mconfig[m
-rw-r--r--    1 root     root       1001596 Jul  8 15:59 [0;0mlibbaresip.a[m
-rw-r--r--    1 root     root        143147 Jul  8 15:59 [0;0mlibbaresip.so[m
-rw-r--r--    1 root     root       1372767 Jul  8 15:59 [0;0mlibcrypto.so.1.0.0[m
-rw-r--r--    1 root     root        282051 Jul  8 15:59 [0;0mlibre.so[m
-rw-r--r--    1 root     root         49607 Jul  8 15:59 [0;0mlibrem.so[m
-rw-r--r--    1 root     root        316003 Jul  8 15:59 [0;0mlibssl.so.1.0.0[m
-rw-r--r--    1 root     root       1332395 Jul  8 15:59 [0;0mlibstdc++.so[m
-rw-r--r--    1 root     root       1332395 Jul  8 15:59 [0;0mlibstdc++.so.6[m
-rw-r--r--    1 root     root         61719 Jul  8 15:59 [0;0mlibz.so.1[m
-rwxr-xr-x    1 root     root       2510926 Jul  8 15:59 [1;32mvrau.wav[m
root@OpenWrt:~# 